<testsuite errors="0" failures="0" name="Rally test suite" tests="11" time="444.96"><testcase classname="NovaServers" name="boot_and_delete_server" time="32.90" /><testcase classname="NovaServers" name="boot_and_delete_server" time="8.12" /><testcase classname="GlanceImages" name="create_and_delete_image" time="127.17" /><testcase classname="CinderVolumes" name="create_and_extend_volume" time="48.92" /><testcase classname="CinderVolumes" name="create_volume_and_clone" time="64.02" /><testcase classname="NovaServers" name="boot_server" time="13.37" /><testcase classname="NovaServers" name="boot_server" time="14.33" /><testcase classname="KeystoneBasic" name="authenticate_user_and_validate_token" time="4.78" /><testcase classname="CinderVolumes" name="create_volume_from_snapshot" time="84.70" /><testcase classname="NovaServers" name="boot_server_from_volume_and_delete" time="4.06" /><testcase classname="CinderVolumes" name="create_and_delete_snapshot" time="42.58" /></testsuite>